
> diamond-kms@0.1.0 build
> next build

  Γû▓ Next.js 14.2.15
  - Environments: .env

   Creating an optimized production build ...
node.exe : Failed to 
compile.
At C:\Program Files\nod
ejs\npm.ps1:29 char:3
+   & $NODE_EXE 
$NPM_CLI_JS $args
+   ~~~~~~~~~~~~~~~~~~~
~~~~~~~~~~
    + CategoryInfo     
         : NotSpecifi  
  ed: (Failed to com   
 pile.:String) [],     
RemoteException
    + FullyQualifiedEr 
   rorId : NativeComm  
  andError
 

./app/dashboard/content
/page.tsx
Error: 
  [31mx[0m Merge 
conflict marker 
encountered.
    ,-[[36;1;4mD:\CODI
NG\diamond-kms\app\dash
board\content\page.tsx
[0m:54:1]
 [2m54[0m |     
useEffect(() => { 
loadData() }, 
[organization?.id, 
filterDiv, 
division?.id])
 [2m55[0m | 
 [2m56[0m |     
const handleDelete = 
async (id: string) => {
 [2m57[0m | <<<<<<< 
Updated upstream
    : 
[31;1m^^^^^^^[0m
 [2m58[0m |         
if 
(!confirm('Permanently 
delete this 
content?')) return
 [2m59[0m | =======
 [2m59[0m |         
if (!confirm('Delete 
this content 
permanently?')) return
    `----

  [31mx[0m Merge 
conflict marker 
encountered.
    ,-[[36;1;4mD:\CODI
NG\diamond-kms\app\dash
board\content\page.tsx
[0m:56:1]
 [2m56[0m |     
const handleDelete = 
async (id: string) => {
 [2m57[0m | <<<<<<< 
Updated upstream
 [2m58[0m |         
if 
(!confirm('Permanently 
delete this 
content?')) return
 [2m59[0m | =======
    : 
[31;1m^^^^^^^[0m
 [2m60[0m |         
if (!confirm('Delete 
this content 
permanently?')) return
 [2m61[0m | >>>>>>> 
Stashed changes
 [2m61[0m |         
const res = await 
deleteContentAction(id)
    `----

  [31mx[0m Merge 
conflict marker 
encountered.
    ,-[[36;1;4mD:\CODI
NG\diamond-kms\app\dash
board\content\page.tsx
[0m:58:1]
 [2m58[0m |         
if 
(!confirm('Permanently 
delete this 
content?')) return
 [2m59[0m | =======
 [2m60[0m |         
if (!confirm('Delete 
this content 
permanently?')) return
 [2m61[0m | >>>>>>> 
Stashed changes
    : 
[31;1m^^^^^^^[0m
 [2m62[0m |         
const res = await 
deleteContentAction(id)
 [2m63[0m |         
if (res.success) 
loadData()
 [2m63[0m |         
else alert(res.error 
|| 'Failed to delete')
    `----

  [31mx[0m 
Unexpected token 
`div`. Expected jsx 
identifier
    ,-[[36;1;4mD:\CODI
NG\diamond-kms\app\dash
board\content\page.tsx
[0m:73:1]
 [2m73[0m |     )
 [2m74[0m | 
 [2m75[0m |     
return (
 [2m76[0m |         
<div 
className="space-y-6">
    : [31;1m         
^^^[0m
 [2m77[0m |          
   <div 
className="flex 
justify-between 
items-end flex-wrap 
gap-4">
 [2m78[0m |          
       <div>
 [2m78[0m | <<<<<<< 
Updated upstream
    `----

Caused by:
    Syntax Error

Import trace for 
requested module:
./app/dashboard/content
/page.tsx

./app/dashboard/faqs/pa
ge.tsx
Error: 
  [31mx[0m 
Unexpected token 
`div`. Expected jsx 
identifier
    ,-[[36;1;4mD:\CODI
NG\diamond-kms\app\dash
board\faqs\page.tsx[0m
:78:1]
 [2m78[0m |     )
 [2m79[0m | 
 [2m80[0m |     
return (
 [2m81[0m |         
<div 
className="max-w-4xl 
mx-auto space-y-6">
    : [31;1m         
^^^[0m
 [2m82[0m |          
   <div 
className="flex 
justify-between 
items-center 
banner-primary 
rounded-3xl p-8 
text-white shadow-xl 
shadow-navy-900/10 
mb-8 relative 
overflow-hidden">
 [2m83[0m |          
       <div 
className="absolute 
top-0 right-0 p-6 
opacity-10 
pointer-events-none 
translate-x-1/4 
-translate-y-1/4">
 [2m83[0m |          
           <HelpCircle 
size={200} />
    `----

Caused by:
    Syntax Error

Import trace for 
requested module:
./app/dashboard/faqs/pa
ge.tsx

./app/dashboard/hrd/ai/
page.tsx
Error: 
  [31mx[0m 
Unexpected token 
`div`. Expected jsx 
identifier
     ,-[[36;1;4mD:\COD
ING\diamond-kms\app\das
hboard\hrd\ai\page.tsx
[0m:139:1]
 [2m139[0m |     }
 [2m140[0m | 
 [2m141[0m |     
return (
 [2m142[0m |         
<div 
className="max-w-4xl 
space-y-6 animate-in 
fade-in duration-300">
     : [31;1m         
^^^[0m
 [2m143[0m |         
    {error && <div 
className="p-4 
bg-danger-bg 
text-danger rounded-lg 
border border-red-200 
text-sm">{error}</div>}
 [2m144[0m |         
    {success && <div 
className="p-4 
bg-success-bg 
text-success 
rounded-lg border 
border-green-200 text-s
m">{success}</div>}
 [2m144[0m | 
     `----

Caused by:
    Syntax Error

Import trace for 
requested module:
./app/dashboard/hrd/ai/
page.tsx

./app/dashboard/hrd/mai
ntenance/page.tsx
Error: 
  [31mx[0m Merge 
conflict marker 
encountered.
     ,-[[36;1;4mD:\COD
ING\diamond-kms\app\das
hboard\hrd\maintenance\
page.tsx[0m:129:1]
 [2m129[0m |         
const file = 
e.target.files?.[0]
 [2m130[0m |         
if (!file) return
 [2m131[0m | 
 [2m132[0m | <<<<<<< 
Updated upstream
     : 
[31;1m^^^^^^^[0m
 [2m133[0m |         
if (!confirm('ΓÜá∩╕Å 
Importing data will 
add/overwrite existing 
data. Proceed?')) {
 [2m134[0m | =======
 [2m134[0m |         
if (!confirm('ΓÜá∩╕Å 
Importing data will 
add to or overwrite 
existing data. 
Continue?')) {
     `----

  [31mx[0m Merge 
conflict marker 
encountered.
     ,-[[36;1;4mD:\COD
ING\diamond-kms\app\das
hboard\hrd\maintenance\
page.tsx[0m:131:1]
 [2m131[0m | 
 [2m132[0m | <<<<<<< 
Updated upstream
 [2m133[0m |         
if (!confirm('ΓÜá∩╕Å 
Importing data will 
add/overwrite existing 
data. Proceed?')) {
 [2m134[0m | =======
     : 
[31;1m^^^^^^^[0m
 [2m135[0m |         
if (!confirm('ΓÜá∩╕Å 
Importing data will 
add to or overwrite 
existing data. 
Continue?')) {
 [2m136[0m | >>>>>>> 
Stashed changes
 [2m136[0m |         
    if 
(fileInputRef.current) 
fileInputRef.current.va
lue = ''
     `----

  [31mx[0m Merge 
conflict marker 
encountered.
     ,-[[36;1;4mD:\COD
ING\diamond-kms\app\das
hboard\hrd\maintenance\
page.tsx[0m:133:1]
 [2m133[0m |         
if (!confirm('ΓÜá∩╕Å 
Importing data will 
add/overwrite existing 
data. Proceed?')) {
 [2m134[0m | =======
 [2m135[0m |         
if (!confirm('ΓÜá∩╕Å 
Importing data will 
add to or overwrite 
existing data. 
Continue?')) {
 [2m136[0m | >>>>>>> 
Stashed changes
     : 
[31;1m^^^^^^^[0m
 [2m137[0m |         
    if 
(fileInputRef.current) 
fileInputRef.current.va
lue = ''
 [2m138[0m |         
    return
 [2m138[0m |         
}
     `----

  [31mx[0m 
Unexpected token 
`RoleGuard`. Expected 
jsx identifier
     ,-[[36;1;4mD:\COD
ING\diamond-kms\app\das
hboard\hrd\maintenance\
page.tsx[0m:173:1]
 [2m173[0m |     }
 [2m174[0m | 
 [2m175[0m |     
return (
 [2m176[0m |         
<RoleGuard allowedRoles
={['SUPER_ADMIN', 
'MAINTAINER']}>
     : [31;1m         
^^^^^^^^^[0m
 [2m177[0m |         
    <div 
className="space-y-8">
 [2m178[0m |         
        <div>
 [2m178[0m |         
            <h1 
className="text-[28px] 
font-bold font-display 
text-navy-900 
leading-tight flex 
items-center gap-2">
     `----

Caused by:
    Syntax Error

Import trace for 
requested module:
./app/dashboard/hrd/mai
ntenance/page.tsx

./app/dashboard/hrd/otp
/page.tsx
Error: 
  [31mx[0m Merge 
conflict marker 
encountered.
    ,-[[36;1;4mD:\CODI
NG\diamond-kms\app\dash
board\hrd\otp\page.tsx
[0m:45:1]
 [2m45[0m |     {
 [2m46[0m |         
id: 'pkg-quiz',
 [2m47[0m |         
name: 'Quiz & 
Leaderboard',
 [2m48[0m | <<<<<<< 
Updated upstream
    : 
[31;1m^^^^^^^[0m
 [2m49[0m |         
description: 
'Automatic quiz 
creation and employee 
comprehension 
tracking',
 [2m50[0m | =======
 [2m50[0m |         
description: 
'Automated quiz 
generation and 
employee understanding 
tracking',
    `----

  [31mx[0m Merge 
conflict marker 
encountered.
    ,-[[36;1;4mD:\CODI
NG\diamond-kms\app\dash
board\hrd\otp\page.tsx
[0m:47:1]
 [2m47[0m |         
name: 'Quiz & 
Leaderboard',
 [2m48[0m | <<<<<<< 
Updated upstream
 [2m49[0m |         
description: 
'Automatic quiz 
creation and employee 
comprehension 
tracking',
 [2m50[0m | =======
    : 
[31;1m^^^^^^^[0m
 [2m51[0m |         
description: 
'Automated quiz 
generation and 
employee understanding 
tracking',
 [2m52[0m | >>>>>>> 
Stashed changes
 [2m52[0m |         
icon: <BarChart3 
size={20} />,
    `----

  [31mx[0m Merge 
conflict marker 
encountered.
    ,-[[36;1;4mD:\CODI
NG\diamond-kms\app\dash
board\hrd\otp\page.tsx
[0m:49:1]
 [2m49[0m |         
description: 
'Automatic quiz 
creation and employee 
comprehension 
tracking',
 [2m50[0m | =======
 [2m51[0m |         
description: 
'Automated quiz 
generation and 
employee understanding 
tracking',
 [2m52[0m | >>>>>>> 
Stashed changes
    : 
[31;1m^^^^^^^[0m
 [2m53[0m |         
icon: <BarChart3 
size={20} />,
 [2m54[0m |         
unlocked: false,
 [2m54[0m |     },
    `----

  [31mx[0m Merge 
conflict marker 
encountered.
    ,-[[36;1;4mD:\CODI
NG\diamond-kms\app\dash
board\hrd\otp\page.tsx
[0m:56:1]
 [2m56[0m |     {
 [2m57[0m |         
id: 'pkg-hr',
 [2m58[0m |         
name: 'HR Management',
 [2m59[0m | <<<<<<< 
Updated upstream
    : 
[31;1m^^^^^^^[0m
 [2m60[0m |         
description: 'User, 
division, and approval 
workflow management',
 [2m61[0m | =======
 [2m61[0m |         
description: 'User 
management, divisions, 
and approval 
workflows',
    `----

  [31mx[0m Merge 
conflict marker 
encountered.
    ,-[[36;1;4mD:\CODI
NG\diamond-kms\app\dash
board\hrd\otp\page.tsx
[0m:58:1]
 [2m58[0m |         
name: 'HR Management',
 [2m59[0m | <<<<<<< 
Updated upstream
 [2m60[0m |         
description: 'User, 
division, and approval 
workflow management',
 [2m61[0m | =======
    : 
[31;1m^^^^^^^[0m
 [2m62[0m |         
description: 'User 
management, divisions, 
and approval 
workflows',
 [2m63[0m | >>>>>>> 
Stashed changes
 [2m63[0m |         
icon: <Users size={20} 
/>,
    `----

  [31mx[0m Merge 
conflict marker 
encountered.
    ,-[[36;1;4mD:\CODI
NG\diamond-kms\app\dash
board\hrd\otp\page.tsx
[0m:60:1]
 [2m60[0m |         
description: 'User, 
division, and approval 
workflow management',
 [2m61[0m | =======
 [2m62[0m |         
description: 'User 
management, divisions, 
and approval 
workflows',
 [2m63[0m | >>>>>>> 
Stashed changes
    : 
[31;1m^^^^^^^[0m
 [2m64[0m |         
icon: <Users size={20} 
/>,
 [2m65[0m |         
unlocked: false,
 [2m65[0m |     },
    `----

  [31mx[0m 
Unexpected token 
`RoleGuard`. Expected 
jsx identifier
     ,-[[36;1;4mD:\COD
ING\diamond-kms\app\das
hboard\hrd\otp\page.tsx
[0m:137:1]
 [2m137[0m |     }
 [2m138[0m | 
 [2m139[0m |     
return (
 [2m140[0m |         
<RoleGuard allowedRoles
={['SUPER_ADMIN']}>
     : [31;1m         
^^^^^^^^^[0m
 [2m141[0m |         
    <div 
className="space-y-8">
 [2m142[0m |         
        {/* Header */}
 [2m142[0m |         
        <div>
     `----

Caused by:
    Syntax Error

Import trace for 
requested module:
./app/dashboard/hrd/otp
/page.tsx


> Build failed because 
of webpack errors
